src/features/admin/dashboard/AdminDashboard.tsx(21,43): error TS2693: 'TripStatus' only refers to a type, but is being used as a value here.
src/features/admin/dashboard/AdminDashboard.tsx(22,44): error TS2693: 'TripStatus' only refers to a type, but is being used as a value here.
src/features/admin/dashboard/AdminDashboard.tsx(23,40): error TS2693: 'TripStatus' only refers to a type, but is being used as a value here.
src/features/admin/dashboard/AdminDashboard.tsx(244,5): error TS2345: Argument of type '{ scrollContainer: { flexGrow: number; paddingBottom: 48; }; container: { paddingHorizontal: 32; paddingVertical: 32; maxWidth: number; alignSelf: "center"; width: "100%"; }; header: { flexDirection: "row"; justifyContent: "space-between"; alignItems: "center"; marginBottom: 32; }; ... 20 more ...; skeletonBlock: { ...' is not assignable to parameter of type '{ scrollContainer: { flexGrow: number; paddingBottom: 48; }; container: { paddingHorizontal: 32; paddingVertical: 32; maxWidth: number; alignSelf: "center"; width: "100%"; }; header: { flexDirection: "row"; justifyContent: "space-between"; alignItems: "center"; marginBottom: 32; }; ... 20 more ...; skeletonBlock: { ...'.
  Property 'viewAll' is incompatible with index signature.
    Object literal may only specify known properties, and 'cursor' does not exist in type 'ViewStyle | TextStyle | ImageStyle'.
